// Jest Snapshot v1, https://goo.gl/fbAQLP

exports[`should render NotFoudPage correctly 1`] = `
<div>
  Page is not found 
  <Link
    replace={false}
    to="/"
  >
    Go Home
  </Link>
</div>
`;
